Γû▓ Next.js 16.2.0 (Turbopack)
- Environments: .env.local

  Creating an optimized production build ...
Γ£ô Compiled successfully in 8.1s
  Running TypeScript ...
node.exe : Failed to type 
check.
At line:1 char:1
+ & "C:\Program 
Files\nodejs/node.exe" 
"C:\Program 
Files\nodejs/node_mo ...
+ ~~~~~~~~~~~~~~~~~~~~~~~~~~~
~~~~~~~~~~~~~~~~~~~~~~~~~~~~~
~~~~~~~~~~~~~
    + CategoryInfo           
   : NotSpecified: (Failed   
  to type check.:String) [   
 ], RemoteException
    + FullyQualifiedErrorId  
   : NativeCommandError
 

./src/app/admin/page.tsx:70:3
3
Type error: Type '{ month: 
string; score: number; }[]' 
is not assignable to type '{ 
month: string; avg: number; 
}[]'.
  Property 'avg' is missing 
in type '{ month: string; 
score: number; }' but 
required in type '{ month: 
string; avg: number; }'.

  [90m68 |[0m         <div 
className=[32m"grid 
grid-cols-1 lg:grid-cols-2 
gap-6"[0m>
  [90m69 |[0m           <[
33mAttendanceTrendChart[0m 
data={attendanceData || []} 
/>
[31m[1m>[0m [90m70 |[0m 
          <[33mPerformanceAr
eaChart[0m 
data={monthlyPerf} />
  [90m   |[0m              
                   
[31m[1m^[0m
  [90m71 |[0m         
</div>
  [90m72 |[0m
  [90m73 |[0m         
{[90m/* Bottom Section 
*/[0m}
Next.js build worker exited 
with code: 1 and signal: null
